{"u_token":"Q7Lw7Hor5mFCAd76BIsQB16hkKPPbnzS","part_number":"ECS-160-10-37-JTN-TR","manufacturer":"ECS Inc.","mode":"place-part","plugin":".snap","source":"https://www.snapeda.com"}